\BOOKMARK [1][-]{Doc-Start}{Front\040Page}{}% 1
\BOOKMARK [1][-]{chapter*.2}{Course\040Title}{}% 2
\BOOKMARK [1][-]{chapter*.3}{Supervisory\040Committee}{}% 3
\BOOKMARK [1][-]{chapter*.4}{Acknowledgements}{}% 4
\BOOKMARK [1][-]{chapter*.5}{Table\040of\040Content}{}% 5
\BOOKMARK [1][-]{chapter*.11}{Disclaimer}{}% 6
\BOOKMARK [1][-]{chapter*.12}{Abstract}{}% 7
\BOOKMARK [1][-]{chapter*.13}{Keywords}{}% 8
\BOOKMARK [1][-]{chapter*.14}{List\040of\040Equations}{}% 9
\BOOKMARK [1][-]{chapter*.15}{List\040of\040Acronyms}{}% 10
\BOOKMARK [1][-]{chapter*.16}{List\040of\040Tools}{}% 11
\BOOKMARK [1][-]{chapter*.17}{List\040of\040Figures}{}% 12
\BOOKMARK [1][-]{chapter*.20}{List\040of\040Tables}{}% 13
\BOOKMARK [1][-]{chapter*.21}{Document\040Outline}{}% 14
\BOOKMARK [0][-]{chapter.1}{Introduction}{}% 15
\BOOKMARK [1][-]{section.1.1}{Summary}{chapter.1}% 16
\BOOKMARK [2][-]{subsection.1.1.1}{Background}{section.1.1}% 17
\BOOKMARK [3][-]{subsubsection.1.1.1.1}{Distribution\040of\040the\040deep\040ocean\040trenches\040in\040the\040Pacific\040Ocean\040region}{subsection.1.1.1}% 18
\BOOKMARK [2][-]{subsection.1.1.2}{Research\040problem}{section.1.1}% 19
\BOOKMARK [1][-]{section.1.2}{Research\040objective}{chapter.1}% 20
\BOOKMARK [2][-]{subsection.1.2.1}{General\040objective}{section.1.2}% 21
\BOOKMARK [2][-]{subsection.1.2.2}{Specific\040objectives}{section.1.2}% 22
\BOOKMARK [1][-]{section.1.3}{Research\040questions}{chapter.1}% 23
\BOOKMARK [1][-]{section.1.4}{Technical\040approach}{chapter.1}% 24
\BOOKMARK [0][-]{chapter.2}{Trenches\040of\040the\040Pacific\040Ocean}{}% 25
\BOOKMARK [1][-]{section.2.1}{Mariana\040Trench}{chapter.2}% 26
\BOOKMARK [2][-]{subsection.2.1.1}{Geographic\040location}{section.2.1}% 27
\BOOKMARK [3][-]{subsubsection.2.1.1.1}{Bathymetry}{subsection.2.1.1}% 28
\BOOKMARK [3][-]{subsubsection.2.1.1.2}{Geometry\040and\040Shape}{subsection.2.1.1}% 29
\BOOKMARK [2][-]{subsection.2.1.2}{Geology}{section.2.1}% 30
\BOOKMARK [3][-]{subsubsection.2.1.2.1}{Sedimentation}{subsection.2.1.2}% 31
\BOOKMARK [3][-]{subsubsection.2.1.2.2}{Lithology}{subsection.2.1.2}% 32
\BOOKMARK [3][-]{subsubsection.2.1.2.3}{Geomorphology}{subsection.2.1.2}% 33
\BOOKMARK [3][-]{subsubsection.2.1.2.4}{Submarine\040earthquakes}{subsection.2.1.2}% 34
\BOOKMARK [3][-]{subsubsection.2.1.2.5}{Igneous\040volcanic\040areas}{subsection.2.1.2}% 35
\BOOKMARK [2][-]{subsection.2.1.3}{Tectonics}{section.2.1}% 36
\BOOKMARK [3][-]{subsubsection.2.1.3.1}{Plates\040subduction}{subsection.2.1.3}% 37
\BOOKMARK [3][-]{subsubsection.2.1.3.2}{Slab\040dynamics}{subsection.2.1.3}% 38
\BOOKMARK [2][-]{subsection.2.1.4}{Seismicity}{section.2.1}% 39
\BOOKMARK [3][-]{subsubsection.2.1.4.1}{Seafloor\040spreading}{subsection.2.1.4}% 40
\BOOKMARK [1][-]{section.2.2}{Tonga\040Trench}{chapter.2}% 41
\BOOKMARK [1][-]{section.2.3}{Japan\040Trench}{chapter.2}% 42
\BOOKMARK [1][-]{section.2.4}{Kuril-Kamchatka\040Trench}{chapter.2}% 43
\BOOKMARK [1][-]{section.2.5}{Philippine\040Trench}{chapter.2}% 44
\BOOKMARK [1][-]{section.2.6}{Kermadec\040Trench}{chapter.2}% 45
\BOOKMARK [1][-]{section.2.7}{Izu-Ogasawara\040Trench}{chapter.2}% 46
\BOOKMARK [1][-]{section.2.8}{Bougainville\040Trench}{chapter.2}% 47
\BOOKMARK [1][-]{section.2.9}{New\040Britain\040Trench}{chapter.2}% 48
\BOOKMARK [1][-]{section.2.10}{Yap\040Trench}{chapter.2}% 49
\BOOKMARK [1][-]{section.2.11}{Peru-Chile\040Trench}{chapter.2}% 50
\BOOKMARK [1][-]{section.2.12}{Aleutian\040Trench}{chapter.2}% 51
\BOOKMARK [1][-]{section.2.13}{Ryukyu\040Trench}{chapter.2}% 52
\BOOKMARK [1][-]{section.2.14}{Middle\040America\040Trench}{chapter.2}% 53
\BOOKMARK [1][-]{section.2.15}{Manila\040Trench}{chapter.2}% 54
\BOOKMARK [1][-]{section.2.16}{Hikurangi\040Trench}{chapter.2}% 55
\BOOKMARK [1][-]{section.2.17}{Puerto\040Rico\040Trench}{chapter.2}% 56
\BOOKMARK [1][-]{section.2.18}{South\040Sandwich\040Trench}{chapter.2}% 57
\BOOKMARK [1][-]{section.2.19}{Cayman\040Trench}{chapter.2}% 58
\BOOKMARK [1][-]{section.2.20}{Amirante\040Trench}{chapter.2}% 59
\BOOKMARK [1][-]{section.2.21}{Sunda\040Trench}{chapter.2}% 60
\BOOKMARK [1][-]{section.2.22}{Vema\040Trench}{chapter.2}% 61
\BOOKMARK [1][-]{section.2.23}{Chagos\040Trench}{chapter.2}% 62
\BOOKMARK [1][-]{section.2.24}{Makran\040Trench}{chapter.2}% 63
\BOOKMARK [0][-]{chapter.3}{Data\040and\040materials}{}% 64
\BOOKMARK [1][-]{section.3.1}{Data}{chapter.3}% 65
\BOOKMARK [2][-]{subsection.3.1.1}{Data\040sources}{section.3.1}% 66
\BOOKMARK [2][-]{subsection.3.1.2}{Generating\040GIS\040project}{section.3.1}% 67
\BOOKMARK [2][-]{subsection.3.1.3}{Geodata\040collection}{section.3.1}% 68
\BOOKMARK [0][-]{chapter.4}{Methodology}{}% 69
\BOOKMARK [1][-]{section.4.1}{Mapping}{chapter.4}% 70
\BOOKMARK [2][-]{subsection.4.1.1}{QuantumGIS}{section.4.1}% 71
\BOOKMARK [2][-]{subsection.4.1.2}{GRASS\040GIS}{section.4.1}% 72
\BOOKMARK [1][-]{section.4.2}{LaTeXfor\040processing\040bathymetric\040data}{chapter.4}% 73
\BOOKMARK [1][-]{section.4.3}{Statistical\040analysis}{chapter.4}% 74
\BOOKMARK [2][-]{subsection.4.3.1}{R\040programming}{section.4.3}% 75
\BOOKMARK [3][-]{subsubsection.4.3.1.1}{Analysis\040of\040bathymetric\040data\040distribution}{subsection.4.3.1}% 76
\BOOKMARK [3][-]{subsubsection.4.3.1.2}{Regression\040analysis}{subsection.4.3.1}% 77
\BOOKMARK [3][-]{subsubsection.4.3.1.3}{Comparative\040geospatial\040analysis\040by\040four\040tectonic\040plates}{subsection.4.3.1}% 78
\BOOKMARK [3][-]{subsubsection.4.3.1.4}{Ridgeline\040plots}{subsection.4.3.1}% 79
\BOOKMARK [3][-]{subsubsection.4.3.1.5}{Categorywise\040bar\040plots}{subsection.4.3.1}% 80
\BOOKMARK [3][-]{subsubsection.4.3.1.6}{Circular\040bar\040plots}{subsection.4.3.1}% 81
\BOOKMARK [3][-]{subsubsection.4.3.1.7}{Ternary\040diagrams\040and\040radar\040chart}{subsection.4.3.1}% 82
\BOOKMARK [3][-]{subsubsection.4.3.1.8}{Pairwise\040double-Y-axis}{subsection.4.3.1}% 83
\BOOKMARK [3][-]{subsubsection.4.3.1.9}{Dumbbell\040charts\040for\040data\040pairwise\040comparison\040by\040tectonic\040plates}{subsection.4.3.1}% 84
\BOOKMARK [3][-]{subsubsection.4.3.1.10}{Ranking\040dot\040plots\040by\040data\040grouping}{subsection.4.3.1}% 85
\BOOKMARK [3][-]{subsubsection.4.3.1.11}{Compositional\040charts\040of\040the\040determinants\040variations}{subsection.4.3.1}% 86
\BOOKMARK [3][-]{subsubsection.4.3.1.12}{Mosaic\040and\040silhouette\040plots\040of\040the\040observation\040data\040by\040tectonic\040plates}{subsection.4.3.1}% 87
\BOOKMARK [3][-]{subsubsection.4.3.1.13}{Association\040plots\040with\040statistical\040Pearson\040residuals}{subsection.4.3.1}% 88
\BOOKMARK [3][-]{subsubsection.4.3.1.14}{Clustering\040\(k-means\040method\),\040correlation\040ellipses\040and\040data\040partition}{subsection.4.3.1}% 89
\BOOKMARK [3][-]{subsubsection.4.3.1.15}{Calculation\040of\040the\040normalized\040steepness\040angle\040of\040the\040Mariana\040Trench}{subsection.4.3.1}% 90
\BOOKMARK [3][-]{subsubsection.4.3.1.16}{Correlation\040analysis\040of\040impact\040factors}{subsection.4.3.1}% 91
\BOOKMARK [3][-]{subsubsection.4.3.1.17}{PCA}{subsection.4.3.1}% 92
\BOOKMARK [3][-]{subsubsection.4.3.1.18}{Hierarchical\040cluster\040analysis\040for\040the\040data\040patterns\040recognition}{subsection.4.3.1}% 93
\BOOKMARK [3][-]{subsubsection.4.3.1.19}{Scatterplot\040Matrices}{subsection.4.3.1}% 94
\BOOKMARK [3][-]{subsubsection.4.3.1.20}{EFA}{subsection.4.3.1}% 95
\BOOKMARK [3][-]{subsubsection.4.3.1.21}{ANOVA\040to\040assess\040hypothesis\040testing}{subsection.4.3.1}% 96
\BOOKMARK [3][-]{subsubsection.4.3.1.22}{Euler-Venn\040Diagram}{subsection.4.3.1}% 97
\BOOKMARK [3][-]{subsubsection.4.3.1.23}{Hierarchical\040edge\040plotting\040and\040word\040cloud}{subsection.4.3.1}% 98
\BOOKMARK [2][-]{subsection.4.3.2}{Python\040programming}{section.4.3}% 99
\BOOKMARK [0][-]{chapter.5}{Results}{}% 100
\BOOKMARK [1][-]{section.5.1}{Findings\040in\040Geostatistical\040Analysis}{chapter.5}% 101
\BOOKMARK [2][-]{subsection.5.1.1}{Data\040Distribution}{section.5.1}% 102
\BOOKMARK [2][-]{subsection.5.1.2}{Comparative\040Geospatial\040Analysis\040by\040Four\040Tectonic\040Plates}{section.5.1}% 103
\BOOKMARK [2][-]{subsection.5.1.3}{Findings\040in\040Correlation,\040k-means\040Clustering\040and\040Data\040Grouping}{section.5.1}% 104
\BOOKMARK [2][-]{subsection.5.1.4}{Findings\040in\040Data\040Partition\040and\040Ranking}{section.5.1}% 105
\BOOKMARK [2][-]{subsection.5.1.5}{Findings\040in\040Data\040Distribution:\040Kernel\040density\040curves}{section.5.1}% 106
\BOOKMARK [2][-]{subsection.5.1.6}{Findings\040in\040Composition\040charts}{section.5.1}% 107
\BOOKMARK [2][-]{subsection.5.1.7}{Bathymetric\040unevenness\040of\040the\040Mariana\040Trench}{section.5.1}% 108
\BOOKMARK [1][-]{section.5.2}{Impact\040factors\040affecting\040trench\040formation}{chapter.5}% 109
\BOOKMARK [1][-]{section.5.3}{Spatial\040variations\040in\040the\040trench\040morphology}{chapter.5}% 110
\BOOKMARK [0][-]{chapter.6}{Discussion}{}% 111
\BOOKMARK [1][-]{section.6.1}{Effects\040of\040the\040impact\040factors\040on\040geomorphic\040structure\040of\040the\040ocean\040trenches}{chapter.6}% 112
\BOOKMARK [2][-]{subsection.6.1.1}{Perspectives\040of\040the\040geostatistical\040analysis\040in\040marine\040geological\040mapping}{section.6.1}% 113
\BOOKMARK [2][-]{subsection.6.1.2}{Discussion\040of\040GIS\040and\040R\040compatibility}{section.6.1}% 114
\BOOKMARK [0][-]{chapter.7}{Conclusion}{}% 115
\BOOKMARK [0][-]{chapter.8}{Recommendations}{}% 116
\BOOKMARK [0][-]{chapter.9}{Author's\040Publications}{}% 117
\BOOKMARK [0][-]{appendix.A}{Programming\040codes}{}% 118
\BOOKMARK [1][-]{section.A.1}{TeXmacro\040language}{appendix.A}% 119
\BOOKMARK [2][-]{subsection.A.1.1}{LaTeXcode\040to\040create\040bathymetric\040profiles}{section.A.1}% 120
\BOOKMARK [1][-]{section.A.2}{R\040language}{appendix.A}% 121
\BOOKMARK [2][-]{subsection.A.2.1}{R\040code\040to\040create\040histograms\040using\040\(ggplot\)\040library}{section.A.2}% 122
\BOOKMARK [2][-]{subsection.A.2.2}{R\040code\040to\040generate\040boxplots\040'whiskerplots'\040using\040default\040boxplot\040function}{section.A.2}% 123
\BOOKMARK [2][-]{subsection.A.2.3}{R\040code\040for\040notched\040boxplot\040using\040\(ggboxplot\)}{section.A.2}% 124
\BOOKMARK [2][-]{subsection.A.2.4}{R\040code\040to\040generate\040QQ\040quantile\040statistics\040for\040facetted\040wrapped\040plot}{section.A.2}% 125
\BOOKMARK [2][-]{subsection.A.2.5}{R\040code\040for\040regression\040analysis\040for\040the\040bathymetric\040profiles}{section.A.2}% 126
\BOOKMARK [2][-]{subsection.A.2.6}{R\040code\040for\040cluster\040analysis,\040dendrograms}{section.A.2}% 127
\BOOKMARK [2][-]{subsection.A.2.7}{R\040code\040for\040correlogram\040by\040\(ggplot\)\040library}{section.A.2}% 128
\BOOKMARK [2][-]{subsection.A.2.8}{R\040code\040for\040Principal\040Component\040Analysis\040\(PCA\)}{section.A.2}% 129
\BOOKMARK [2][-]{subsection.A.2.9}{R\040code\040for\040k-means\040clustering}{section.A.2}% 130
\BOOKMARK [2][-]{subsection.A.2.10}{R\040code\040for\040Pairwise\040Standard\040Scatter\040Plots\040of\040k-means\040Cluster\040Correlation\040\(comparing\0404\040tectonic\040plates\)}{section.A.2}% 131
\BOOKMARK [2][-]{subsection.A.2.11}{R\040code\040for\040'lollipop'\040charts\040and\040diverging\040bars\040by\040\(ggplot\)\040library}{section.A.2}% 132
\BOOKMARK [2][-]{subsection.A.2.12}{R\040code\040for\040Dumbbell\040chart\040by\040\(ggalt\)\040and\040\(ggplot2\)\040libraries}{section.A.2}% 133
\BOOKMARK [2][-]{subsection.A.2.13}{R\040code\040for\040categorywise\040bar\040charts}{section.A.2}% 134
\BOOKMARK [2][-]{subsection.A.2.14}{R\040code\040for\040dot\040plot\040with\040encircling\040by\040\(ggalt\)\040library}{section.A.2}% 135
\BOOKMARK [2][-]{subsection.A.2.15}{R\040code\040for\040double-Y\040axis\040using\040\(LatticeExtra\)\040library\040to\040perform\040comparative\040analysis\040of\040categories}{section.A.2}% 136
\BOOKMARK [2][-]{subsection.A.2.16}{R\040code\040for\040circular\040barplot\040by\040library\040tidyverse}{section.A.2}% 137
\BOOKMARK [2][-]{subsection.A.2.17}{R\040code\040for\040multiple\040strip\040plots\040divided\040groups,\040by\040LatticeExtra\040library}{section.A.2}% 138
\BOOKMARK [2][-]{subsection.A.2.18}{R\040code\040for\040multiple\040panels\040by\040groups\040\(tectonic\040plates,\040depths,\040slope\040angles\)}{section.A.2}% 139
\BOOKMARK [2][-]{subsection.A.2.19}{R\040code\040for\040density\040curves:\040data\040distribution}{section.A.2}% 140
\BOOKMARK [2][-]{subsection.A.2.20}{R\040code\040to\040generate\040brackets\040for\040the\040specific\040regions\040along\040the\040Mariana\040Trench\040using\040library\040\(pBrackets\)}{section.A.2}% 141
\BOOKMARK [2][-]{subsection.A.2.21}{R\040code\040for\040radar\040chart\040using\040\(fmsb\)\040library}{section.A.2}% 142
\BOOKMARK [2][-]{subsection.A.2.22}{R\040code\040for\040highlighted\040group\040in\040lollipop\040chart\040by\040libraries\040\(ggsignif\)\040and\040\(tidyverse\)}{section.A.2}% 143
\BOOKMARK [2][-]{subsection.A.2.23}{R\040code\040for\040Euler-Venn\040Diagram\040\(logical\040correlation\040of\040objects\)\040using\040\(venn\)\040library}{section.A.2}% 144
\BOOKMARK [2][-]{subsection.A.2.24}{R\040code\040for\040animation\040using\040\(gganimate\),\040\(gapminder\)\040and\040\(ggplot2\)\040libraries:\040regression\040analysis\040plots\040for\04025\040bathymetric\040profiles}{section.A.2}% 145
\BOOKMARK [2][-]{subsection.A.2.25}{R\040code\040for\040'violin'\040plots\040using\040\(violinmplot\)\040library:\040statistical\040analysis\040of\040bathymetric\040data\040distribution}{section.A.2}% 146
\BOOKMARK [2][-]{subsection.A.2.26}{R\040code\040for\040Exploratory\040Factor\040Analysis\040\(EFA\)\040using\040\(FactoMiner\),\040\(factoextra\)\040and\040\(psych\)\040libraries}{section.A.2}% 147
\BOOKMARK [2][-]{subsection.A.2.27}{R\040code\040for\040hexagonal\040plot\040by\040library\(hexbin\):\040bathymetric\040data\040distribution,\040Mariana\040Trench}{section.A.2}% 148
\BOOKMARK [2][-]{subsection.A.2.28}{R\040code\040for\040ANOVA\040for\040Mariana\040Trench}{section.A.2}% 149
\BOOKMARK [2][-]{subsection.A.2.29}{R\040code\040for\040Ternary\040Diagram\040by\040\(ggtern\)\040library}{section.A.2}% 150
\BOOKMARK [2][-]{subsection.A.2.30}{R\040code\040for\040silhouette\040plot\040by\040\(cluster\)\040library}{section.A.2}% 151
\BOOKMARK [2][-]{subsection.A.2.31}{R\040code\040for\040mosaic\040and\040association\040plots}{section.A.2}% 152
\BOOKMARK [2][-]{subsection.A.2.32}{R\040code\040plot\040correlation\040ellipses\040using\040library\(ellipse\)}{section.A.2}% 153
\BOOKMARK [2][-]{subsection.A.2.33}{R\040code\040for\040level\040plot\040using\040\(ggplot2\)\040library:\040sediment\040thickness}{section.A.2}% 154
\BOOKMARK [2][-]{subsection.A.2.34}{R\040code\040for\040hierarchical\040edge\040funding\040by\040\(ggraph\),\040\(igraph\),\040\(tidyverse\),\040\(RColorBrewer\)\040libraries:\040Mariana\040Trench\040project}{section.A.2}% 155
\BOOKMARK [2][-]{subsection.A.2.35}{R\040code\040for\040ridgeline\040plots\040by\040\(ggridges\)\040and\040\(ggplot2\)\040libraries}{section.A.2}% 156
\BOOKMARK [2][-]{subsection.A.2.36}{R\040code\040for\040word\040could\040by\040libraries\040\(wordcloud\),\040\(tm\),\040\(RXKCD\):\040Mariana\040Trench\040project}{section.A.2}% 157
\BOOKMARK [2][-]{subsection.A.2.37}{R\040code\040for\040'waffle'\040plot\040by\040library\040\(ggplot2\):\040bathymetric\040data\040distribution}{section.A.2}% 158
\BOOKMARK [2][-]{subsection.A.2.38}{R\040code\040for\040'waffle'\040plot\040by\040library\040\(waffle\):\040bathymetric\040data\040distribution}{section.A.2}% 159
\BOOKMARK [2][-]{subsection.A.2.39}{R\040code\040for\040treemap\040by\040library\040\(treemap\)}{section.A.2}% 160
\BOOKMARK [2][-]{subsection.A.2.40}{R\040code\040for\040network\040by\040\(igraph\)\040library:\040Mariana\040Trench\040project}{section.A.2}% 161
\BOOKMARK [2][-]{subsection.A.2.41}{R\040code\040for\040scatterplot\040matrices\040by\040\(GGally\)\040library\040to\040assess\040data\040distribution,\040Mariana\040Trench}{section.A.2}% 162
\BOOKMARK [2][-]{subsection.A.2.42}{R\040code\040for\040diagonal\040scatterplot\040matrices\040by\040\(car\)\040library}{section.A.2}% 163
\BOOKMARK [1][-]{section.A.3}{Python\040scripts}{appendix.A}% 164
\BOOKMARK [0][-]{appendix.J}{Author's\040Abridged\040CV}{}% 165
\BOOKMARK [0][-]{appendix.K}{Bibliography}{}% 166
\BOOKMARK [0][-]{appendix.L}{Indices}{}% 167
\BOOKMARK [1][-]{section.L.1}{Index\040of\040Authors}{appendix.L}% 168
\BOOKMARK [1][-]{section.L.2}{Index\040of\040Places}{appendix.L}% 169
\BOOKMARK [1][-]{section.L.3}{Index\040of\040Concepts}{appendix.L}% 170
\BOOKMARK [1][-]{section.L.4}{Index\040of\040Years\040and\040Titles}{appendix.L}% 171
\BOOKMARK [0][-]{section*.47}{Glossary}{}% 172
